// Jest Snapshot v1, https://goo.gl/fbAQLP

exports[`<WhereWhen /> should render 1`] = `<WhereWhen />`;
